// Jest Snapshot v1, https://goo.gl/fbAQLP

exports[`Button Component Snapshot Testing should maintain consistent UI structure across different sizes: button-default-size 1`] = `
<div>
  <button
    class="inline-flex items-center justify-center gap-2 whitespace-nowrap rounded-md text-sm font-medium transition-all disabled:pointer-events-none disabled:opacity-50 [&_svg]:pointer-events-none [&_svg:not([class*='size-'])]:size-4 shrink-0 [&_svg]:shrink-0 outline-none focus-visible:border-ring focus-visible:ring-ring/50 focus-visible:ring-[3px] aria-invalid:ring-destructive/20 dark:aria-invalid:ring-destructive/40 aria-invalid:border-destructive bg-primary text-primary-foreground shadow-xs hover:bg-primary/90 h-9 px-4 py-2 has-[>svg]:px-3"
    data-slot="button"
  >
    Default Size
  </button>
</div>
`;

exports[`Button Component Snapshot Testing should maintain consistent UI structure across different sizes: button-icon-size 1`] = `
<div>
  <button
    class="inline-flex items-center justify-center gap-2 whitespace-nowrap rounded-md text-sm font-medium transition-all disabled:pointer-events-none disabled:opacity-50 [&_svg]:pointer-events-none [&_svg:not([class*='size-'])]:size-4 shrink-0 [&_svg]:shrink-0 outline-none focus-visible:border-ring focus-visible:ring-ring/50 focus-visible:ring-[3px] aria-invalid:ring-destructive/20 dark:aria-invalid:ring-destructive/40 aria-invalid:border-destructive bg-primary text-primary-foreground shadow-xs hover:bg-primary/90 size-9"
    data-slot="button"
  >
    Icon Size
  </button>
</div>
`;

exports[`Button Component Snapshot Testing should maintain consistent UI structure across different sizes: button-large-size 1`] = `
<div>
  <button
    class="inline-flex items-center justify-center gap-2 whitespace-nowrap text-sm font-medium transition-all disabled:pointer-events-none disabled:opacity-50 [&_svg]:pointer-events-none [&_svg:not([class*='size-'])]:size-4 shrink-0 [&_svg]:shrink-0 outline-none focus-visible:border-ring focus-visible:ring-ring/50 focus-visible:ring-[3px] aria-invalid:ring-destructive/20 dark:aria-invalid:ring-destructive/40 aria-invalid:border-destructive bg-primary text-primary-foreground shadow-xs hover:bg-primary/90 h-10 rounded-md px-6 has-[>svg]:px-4"
    data-slot="button"
  >
    Large Size
  </button>
</div>
`;

exports[`Button Component Snapshot Testing should maintain consistent UI structure across different sizes: button-small-size 1`] = `
<div>
  <button
    class="inline-flex items-center justify-center whitespace-nowrap text-sm font-medium transition-all disabled:pointer-events-none disabled:opacity-50 [&_svg]:pointer-events-none [&_svg:not([class*='size-'])]:size-4 shrink-0 [&_svg]:shrink-0 outline-none focus-visible:border-ring focus-visible:ring-ring/50 focus-visible:ring-[3px] aria-invalid:ring-destructive/20 dark:aria-invalid:ring-destructive/40 aria-invalid:border-destructive bg-primary text-primary-foreground shadow-xs hover:bg-primary/90 h-8 rounded-md gap-1.5 px-3 has-[>svg]:px-2.5"
    data-slot="button"
  >
    Small Size
  </button>
</div>
`;

exports[`Button Component Snapshot Testing should maintain consistent UI structure across different variants: button-default-variant 1`] = `
<div>
  <button
    class="inline-flex items-center justify-center gap-2 whitespace-nowrap rounded-md text-sm font-medium transition-all disabled:pointer-events-none disabled:opacity-50 [&_svg]:pointer-events-none [&_svg:not([class*='size-'])]:size-4 shrink-0 [&_svg]:shrink-0 outline-none focus-visible:border-ring focus-visible:ring-ring/50 focus-visible:ring-[3px] aria-invalid:ring-destructive/20 dark:aria-invalid:ring-destructive/40 aria-invalid:border-destructive bg-primary text-primary-foreground shadow-xs hover:bg-primary/90 h-9 px-4 py-2 has-[>svg]:px-3"
    data-slot="button"
  >
    Default Button
  </button>
</div>
`;

exports[`Button Component Snapshot Testing should maintain consistent UI structure across different variants: button-destructive-variant 1`] = `
<div>
  <button
    class="inline-flex items-center justify-center gap-2 whitespace-nowrap rounded-md text-sm font-medium transition-all disabled:pointer-events-none disabled:opacity-50 [&_svg]:pointer-events-none [&_svg:not([class*='size-'])]:size-4 shrink-0 [&_svg]:shrink-0 outline-none focus-visible:border-ring focus-visible:ring-[3px] aria-invalid:ring-destructive/20 dark:aria-invalid:ring-destructive/40 aria-invalid:border-destructive bg-destructive text-white shadow-xs hover:bg-destructive/90 focus-visible:ring-destructive/20 dark:focus-visible:ring-destructive/40 dark:bg-destructive/60 h-9 px-4 py-2 has-[>svg]:px-3"
    data-slot="button"
  >
    Destructive Button
  </button>
</div>
`;

exports[`Button Component Snapshot Testing should maintain consistent UI structure across different variants: button-ghost-variant 1`] = `
<div>
  <button
    class="inline-flex items-center justify-center gap-2 whitespace-nowrap rounded-md text-sm font-medium transition-all disabled:pointer-events-none disabled:opacity-50 [&_svg]:pointer-events-none [&_svg:not([class*='size-'])]:size-4 shrink-0 [&_svg]:shrink-0 outline-none focus-visible:border-ring focus-visible:ring-ring/50 focus-visible:ring-[3px] aria-invalid:ring-destructive/20 dark:aria-invalid:ring-destructive/40 aria-invalid:border-destructive hover:bg-accent hover:text-accent-foreground dark:hover:bg-accent/50 h-9 px-4 py-2 has-[>svg]:px-3"
    data-slot="button"
  >
    Ghost Button
  </button>
</div>
`;

exports[`Button Component Snapshot Testing should maintain consistent UI structure across different variants: button-link-variant 1`] = `
<div>
  <button
    class="inline-flex items-center justify-center gap-2 whitespace-nowrap rounded-md text-sm font-medium transition-all disabled:pointer-events-none disabled:opacity-50 [&_svg]:pointer-events-none [&_svg:not([class*='size-'])]:size-4 shrink-0 [&_svg]:shrink-0 outline-none focus-visible:border-ring focus-visible:ring-ring/50 focus-visible:ring-[3px] aria-invalid:ring-destructive/20 dark:aria-invalid:ring-destructive/40 aria-invalid:border-destructive text-primary underline-offset-4 hover:underline h-9 px-4 py-2 has-[>svg]:px-3"
    data-slot="button"
  >
    Link Button
  </button>
</div>
`;

exports[`Button Component Snapshot Testing should maintain consistent UI structure across different variants: button-outline-variant 1`] = `
<div>
  <button
    class="inline-flex items-center justify-center gap-2 whitespace-nowrap rounded-md text-sm font-medium transition-all disabled:pointer-events-none disabled:opacity-50 [&_svg]:pointer-events-none [&_svg:not([class*='size-'])]:size-4 shrink-0 [&_svg]:shrink-0 outline-none focus-visible:border-ring focus-visible:ring-ring/50 focus-visible:ring-[3px] aria-invalid:ring-destructive/20 dark:aria-invalid:ring-destructive/40 aria-invalid:border-destructive border bg-background shadow-xs hover:bg-accent hover:text-accent-foreground dark:bg-input/30 dark:border-input dark:hover:bg-input/50 h-9 px-4 py-2 has-[>svg]:px-3"
    data-slot="button"
  >
    Outline Button
  </button>
</div>
`;

exports[`Button Component Snapshot Testing should maintain consistent UI structure across different variants: button-secondary-variant 1`] = `
<div>
  <button
    class="inline-flex items-center justify-center gap-2 whitespace-nowrap rounded-md text-sm font-medium transition-all disabled:pointer-events-none disabled:opacity-50 [&_svg]:pointer-events-none [&_svg:not([class*='size-'])]:size-4 shrink-0 [&_svg]:shrink-0 outline-none focus-visible:border-ring focus-visible:ring-ring/50 focus-visible:ring-[3px] aria-invalid:ring-destructive/20 dark:aria-invalid:ring-destructive/40 aria-invalid:border-destructive bg-secondary text-secondary-foreground shadow-xs hover:bg-secondary/80 h-9 px-4 py-2 has-[>svg]:px-3"
    data-slot="button"
  >
    Secondary Button
  </button>
</div>
`;

exports[`Button Component Snapshot Testing should maintain consistent UI structure with custom className: button-custom-styling 1`] = `
<div>
  <button
    class="inline-flex items-center justify-center gap-2 whitespace-nowrap rounded-md text-sm transition-all disabled:pointer-events-none disabled:opacity-50 [&_svg]:pointer-events-none [&_svg:not([class*='size-'])]:size-4 shrink-0 [&_svg]:shrink-0 outline-none focus-visible:border-ring focus-visible:ring-ring/50 focus-visible:ring-[3px] aria-invalid:ring-destructive/20 dark:aria-invalid:ring-destructive/40 aria-invalid:border-destructive shadow-xs h-9 px-4 py-2 has-[>svg]:px-3 bg-purple-500 hover:bg-purple-600 text-white font-bold"
    data-slot="button"
  >
    Custom Styled Button
  </button>
</div>
`;

exports[`Button Component Snapshot Testing should maintain consistent UI structure with disabled state: button-disabled-state 1`] = `
<div>
  <button
    class="inline-flex items-center justify-center gap-2 whitespace-nowrap rounded-md text-sm font-medium transition-all disabled:pointer-events-none disabled:opacity-50 [&_svg]:pointer-events-none [&_svg:not([class*='size-'])]:size-4 shrink-0 [&_svg]:shrink-0 outline-none focus-visible:border-ring focus-visible:ring-ring/50 focus-visible:ring-[3px] aria-invalid:ring-destructive/20 dark:aria-invalid:ring-destructive/40 aria-invalid:border-destructive bg-primary text-primary-foreground shadow-xs hover:bg-primary/90 h-9 px-4 py-2 has-[>svg]:px-3"
    data-slot="button"
    disabled=""
  >
    Disabled Button
  </button>
</div>
`;
