// Jest Snapshot v1, https://goo.gl/fbAQLP

exports[`Checkbox Component - Comprehensive UI Testing Snapshot Testing for UI Consistency should match snapshot for checked checkbox 1`] = `
<button
  aria-checked="true"
  class="peer border-input dark:bg-input/30 data-[state=checked]:bg-primary data-[state=checked]:text-primary-foreground dark:data-[state=checked]:bg-primary data-[state=checked]:border-primary focus-visible:border-ring focus-visible:ring-ring/50 aria-invalid:ring-destructive/20 dark:aria-invalid:ring-destructive/40 aria-invalid:border-destructive size-4 shrink-0 rounded-[4px] border shadow-xs transition-shadow outline-none focus-visible:ring-[3px] disabled:cursor-not-allowed disabled:opacity-50"
  data-slot="checkbox"
  data-state="checked"
  role="checkbox"
  type="button"
  value="on"
>
  <span
    class="flex items-center justify-center text-current transition-none"
    data-slot="checkbox-indicator"
    data-state="checked"
    style="pointer-events: none;"
  >
    <svg
      aria-hidden="true"
      class="lucide lucide-check size-3.5"
      fill="none"
      height="24"
      stroke="currentColor"
      stroke-linecap="round"
      stroke-linejoin="round"
      stroke-width="2"
      viewBox="0 0 24 24"
      width="24"
      xmlns="http://www.w3.org/2000/svg"
    >
      <path
        d="M20 6 9 17l-5-5"
      />
    </svg>
  </span>
</button>
`;

exports[`Checkbox Component - Comprehensive UI Testing Snapshot Testing for UI Consistency should match snapshot for default checkbox 1`] = `
<button
  aria-checked="false"
  class="peer border-input dark:bg-input/30 data-[state=checked]:bg-primary data-[state=checked]:text-primary-foreground dark:data-[state=checked]:bg-primary data-[state=checked]:border-primary focus-visible:border-ring focus-visible:ring-ring/50 aria-invalid:ring-destructive/20 dark:aria-invalid:ring-destructive/40 aria-invalid:border-destructive size-4 shrink-0 rounded-[4px] border shadow-xs transition-shadow outline-none focus-visible:ring-[3px] disabled:cursor-not-allowed disabled:opacity-50"
  data-slot="checkbox"
  data-state="unchecked"
  role="checkbox"
  type="button"
  value="on"
/>
`;

exports[`Checkbox Component - Comprehensive UI Testing Snapshot Testing for UI Consistency should match snapshot for disabled checkbox 1`] = `
<button
  aria-checked="false"
  class="peer border-input dark:bg-input/30 data-[state=checked]:bg-primary data-[state=checked]:text-primary-foreground dark:data-[state=checked]:bg-primary data-[state=checked]:border-primary focus-visible:border-ring focus-visible:ring-ring/50 aria-invalid:ring-destructive/20 dark:aria-invalid:ring-destructive/40 aria-invalid:border-destructive size-4 shrink-0 rounded-[4px] border shadow-xs transition-shadow outline-none focus-visible:ring-[3px] disabled:cursor-not-allowed disabled:opacity-50"
  data-disabled=""
  data-slot="checkbox"
  data-state="unchecked"
  disabled=""
  role="checkbox"
  type="button"
  value="on"
/>
`;

exports[`Checkbox Component - Comprehensive UI Testing Snapshot Testing for UI Consistency should match snapshot for invalid checkbox 1`] = `
<button
  aria-checked="false"
  aria-invalid="true"
  class="peer border-input dark:bg-input/30 data-[state=checked]:bg-primary data-[state=checked]:text-primary-foreground dark:data-[state=checked]:bg-primary data-[state=checked]:border-primary focus-visible:border-ring focus-visible:ring-ring/50 aria-invalid:ring-destructive/20 dark:aria-invalid:ring-destructive/40 aria-invalid:border-destructive size-4 shrink-0 rounded-[4px] border shadow-xs transition-shadow outline-none focus-visible:ring-[3px] disabled:cursor-not-allowed disabled:opacity-50"
  data-slot="checkbox"
  data-state="unchecked"
  role="checkbox"
  type="button"
  value="on"
/>
`;

exports[`Checkbox Component - Comprehensive UI Testing Snapshot Testing for UI Consistency should match snapshot for multiple checkboxes 1`] = `
<div>
  <button
    aria-checked="false"
    class="peer border-input dark:bg-input/30 data-[state=checked]:bg-primary data-[state=checked]:text-primary-foreground dark:data-[state=checked]:bg-primary data-[state=checked]:border-primary focus-visible:border-ring focus-visible:ring-ring/50 aria-invalid:ring-destructive/20 dark:aria-invalid:ring-destructive/40 aria-invalid:border-destructive size-4 shrink-0 rounded-[4px] border shadow-xs transition-shadow outline-none focus-visible:ring-[3px] disabled:cursor-not-allowed disabled:opacity-50"
    data-slot="checkbox"
    data-state="unchecked"
    role="checkbox"
    type="button"
    value="on"
  />
  <button
    aria-checked="true"
    class="peer border-input dark:bg-input/30 data-[state=checked]:bg-primary data-[state=checked]:text-primary-foreground dark:data-[state=checked]:bg-primary data-[state=checked]:border-primary focus-visible:border-ring focus-visible:ring-ring/50 aria-invalid:ring-destructive/20 dark:aria-invalid:ring-destructive/40 aria-invalid:border-destructive size-4 shrink-0 rounded-[4px] border shadow-xs transition-shadow outline-none focus-visible:ring-[3px] disabled:cursor-not-allowed disabled:opacity-50"
    data-slot="checkbox"
    data-state="checked"
    role="checkbox"
    type="button"
    value="on"
  >
    <span
      class="flex items-center justify-center text-current transition-none"
      data-slot="checkbox-indicator"
      data-state="checked"
      style="pointer-events: none;"
    >
      <svg
        aria-hidden="true"
        class="lucide lucide-check size-3.5"
        fill="none"
        height="24"
        stroke="currentColor"
        stroke-linecap="round"
        stroke-linejoin="round"
        stroke-width="2"
        viewBox="0 0 24 24"
        width="24"
        xmlns="http://www.w3.org/2000/svg"
      >
        <path
          d="M20 6 9 17l-5-5"
        />
      </svg>
    </span>
  </button>
  <button
    aria-checked="false"
    class="peer border-input dark:bg-input/30 data-[state=checked]:bg-primary data-[state=checked]:text-primary-foreground dark:data-[state=checked]:bg-primary data-[state=checked]:border-primary focus-visible:border-ring focus-visible:ring-ring/50 aria-invalid:ring-destructive/20 dark:aria-invalid:ring-destructive/40 aria-invalid:border-destructive size-4 shrink-0 rounded-[4px] border shadow-xs transition-shadow outline-none focus-visible:ring-[3px] disabled:cursor-not-allowed disabled:opacity-50"
    data-disabled=""
    data-slot="checkbox"
    data-state="unchecked"
    disabled=""
    role="checkbox"
    type="button"
    value="on"
  />
</div>
`;

exports[`Checkbox Component - Comprehensive UI Testing Snapshot Testing for UI Consistency should match snapshot for unchecked checkbox 1`] = `
<button
  aria-checked="false"
  class="peer border-input dark:bg-input/30 data-[state=checked]:bg-primary data-[state=checked]:text-primary-foreground dark:data-[state=checked]:bg-primary data-[state=checked]:border-primary focus-visible:border-ring focus-visible:ring-ring/50 aria-invalid:ring-destructive/20 dark:aria-invalid:ring-destructive/40 aria-invalid:border-destructive size-4 shrink-0 rounded-[4px] border shadow-xs transition-shadow outline-none focus-visible:ring-[3px] disabled:cursor-not-allowed disabled:opacity-50"
  data-slot="checkbox"
  data-state="unchecked"
  role="checkbox"
  type="button"
  value="on"
/>
`;
